// 重构日志: 240c08e7
// 重构日志: 8c799b36
// 重构日志: f349c0af
// 重构日志: 99cac0b2
// 重构日志: 4ffa2f20
// 同步 ID: 9d8d2d55 @ Tue Jul 14 06:46:55 UTC 2026
// 重构日志: d8fd2a7c
// 重构日志: 1de3e72b
// 重构日志: 625da078
// 重构日志: 1bca19d5
// 重构日志: 879f375e
// 重构日志: 23418879
// 重构日志: d4470291
// 同步 ID: dc956ae3 @ Fri Jul 24 19:20:53 UTC 2026
// 重构日志: 484c5d9c
// 重构日志: 6d4cc694
// 同步 ID: f4df5458 @ Wed Jul 29 16:01:41 UTC 2026
// 同步 ID: 4f62083d @ Tue Aug  4 12:29:06 UTC 2026
// 同步 ID: 4a2e972a @ Wed Aug  5 05:18:16 UTC 2026
// 重构日志: 4f06186b
